00080000 A DRAM_BST_START
0008060c T __postreloc_ram_start
0008060c T start_post_relocate
00080618 T spinand_load_bld
00080620 t spinand_jump_to_bld
00080630 t do_spinand_bld
00080674 t spinand_load_block_loop
00080688 t start_loading_good_block
0008069c t spinand_check_block
000806ec t spinand_disable_ecc
00080720 t spinand_enable_ecc
00080754 t spinand_load_block
0008075c t spinand_read_pages
000807a8 t check_spinand_status
000807bc t wait_ready
00080824 t spinand_send_cmd
00080830 t spinand_set_cmd
0008087c t spinand_read
000808bc t spinand_read_page
000808c0 t spinand_read_loop
000808fc T __postreloc_ram_end
20050000 A DRAM_TO_BOOT
e0030000 A BOOT_BST_START
e0030004 t chipname
e003000c t version
e0030010 d dram_delay1_param
e0030010 d dram_params_table
e0030014 d dram_cfg_param
e0030018 d dram_timing1_param
e003001c d dram_timing2_param
e0030020 d dram_timing3_param
e0030024 d por_delay_param
e0030028 d dram_mode_reg0_param
e0030028 d modereg_reset_lpddr2_param
e003002c d dram_mode_reg1_param
e0030030 d dram_mode_reg2_param
e0030034 d dram_mode_reg3_param
e0030034 d reset_delay_lpddr2_param
e0030038 d dram_self_ref_param
e003003c d dram_dqs_sync
e0030040 d dram_pad_term
e0030044 d dram_zq_calibration
e0030048 d dram_delay2_param
e003004c d pll_ddr_ctrl_param
e0030050 d pll_ddr_ctrl2_param
e0030054 d pll_ddr_ctrl3_param
e0030058 d dram_dll0_param
e003005c d dram_dll1_param
e0030060 d dram_dll2_param
e0030064 d dram_dll3_param
e0030068 d dram_ctrl_sel_0_param
e003006c d dram_ctrl_sel_1_param
e0030070 d dram_ctrl_sel_2_param
e0030074 d dram_ctrl_sel_3_param
e0030078 d dram_ctrl_sel_misc_param
e003007c d dram_byte_map
e0030080 d dram_dqs_sync_prertt
e0030084 d dram_zq_calibration_prertt
e0030088 d dram_delay3_param
e003008c d dram_rsvd_space
e0030090 d pll_program_delay
e0030094 d dll_program_delay
e0030098 d cg_ddr_init_param
e003009c d cg_ddr_normal_param
e00300a0 d dll_reset_delay
e00300a4 D amboot_bld_ram_start
e00300a8 D amboot_bld_media_start
e00300ac D amboot_bld_media_size
e00300b0 D nand_flash_timing0
e00300b4 D nand_flash_timing1
e00300b8 D nand_flash_timing2
e00300bc D nand_flash_timing3
e00300c0 D nand_flash_timing4
e00300c4 D nand_flash_timing5
e00300c8 D pll_core_ctrl_param
e00300cc D pll_idsp_ctrl_param
e00300d0 D pll_cortex_ctrl_param
e00300d4 D pll_cortex_frac_param
e00300d8 D scaler_misc
e00300dc D mcu_notify_gpio
e00300e0 d end_dram_table
e00300e0 T memsetup
e00300e0 D __table_end
e00300e6 t self_refresh_check
e00300ec t sr_check_mcu
e0030116 t sr_check_mcu_exit
e0030116 t sr_check_pwc
e003014e t disconnect_dram_reset
e0030168 t set_rct_pll
e0030168 t sr_check_exit
e00301be t setup_dram_dll
e0030260 t issue_zqcl_cmd
e0030296 t set_dram_mode
e00302a2 t set_init_ctl
e00302fc T rct_delay_proc
e0030302 t rct_timer_read
e003030a T loop_delay_proc
e0030312 T rct_pll_set_value
e0030344 T start
e003038c t relocate
e003039c t relocate_2ndstage
e00303b8 t dram_arbiter_cfg
e0030418 t copy_loop
e0030422 T bootstrap
e0030430 T normal_boot
e003043f T selfrefresh_with_mcu
e0030458 T selfrefresh_with_pwc
e0030471 T resume_selfrefresh
e003048f T selfrefresh_magic_dismatch
e00304fc T uart_init
e0030570 T uart_putstring
e0030574 t L0
e0030580 t L1
e0030594 t L2
e00305a4 T self_refresh_jump
e00305e4 t sr_jump_exit
e00305f0 t magic_dismatch
e003060c A __postreloc_start
e00308fc A __postreloc_end
